
◆  Rendering composition → D:\signal-zero\brag-output\brag_raw.mp4
   30fps · standard · auto workers (16 cores detected)
   GPU: browser GPU (auto-detect)

[?25l│
◒  Checking browser[1G[J◐  Checking browser[1G[J◇  Browser: cache
[?25h
  Lint: 0 error(s), 16 warning(s) — run with --lint-verbose for full output.
  Continuing render despite lint issues. Use --strict to block errors.

[INFO] [Render] Pipeline started {"renderJobId":"75181cf2-c2c9-4d68-8337-daef41bbddfe","platform":"win32","arch":"x64","nodeVersion":"v22.16.0","fps":{"num":30,"den":1},"format":"mp4","quality":"standard","browserGpuMode":"auto","forceScreenshot":false,"protocolTimeout":300000,"browserTimeout":120000,"pageNavigationTimeout":60000,"playerReadyTimeout":45000}
[INFO] [Render:trace] {"renderJobId":"75181cf2-c2c9-4d68-8337-daef41bbddfe","phase":"pipeline","status":"checkpoint","elapsedMs":9,"message":"started","format":"mp4","quality":"standard","browserGpuMode":"auto","forceScreenshot":false,"protocolTimeoutMs":300000,"pageNavigationTimeoutMs":60000,"playerReadyTimeoutMs":45000,"requestedWorkers":"auto"}
[INFO] [Render:trace] {"renderJobId":"75181cf2-c2c9-4d68-8337-daef41bbddfe","phase":"compile","status":"start","elapsedMs":12,"needsAlpha":false}
  █░░░░░░░░░░░░░░░░░░░░░░░░  5%  Compiling composition
[INFO] [Compiler] Inlined CDN script: https://cdn.jsdelivr.net/npm/gsap@3.14.2/dist/gsap.min.js
[INFO] [Compiler] Embedded local font file: assets/fonts/manrope.ttf (161 KB → data URI)
[INFO] [Compiler] Embedded local font file: assets/fonts/jetbrains_mono_regular.ttf (264 KB → data URI)
[INFO] [Compiler] Embedded local font file: assets/fonts/noto_devanagari_regular.ttf (238 KB → data URI)
[INFO] [Compiler] Embedded local font file: assets/fonts/noto_devanagari_semibold.ttf (240 KB → data URI)
[INFO] [Compiler] Embedded local font file: assets/fonts/noto_telugu_regular.ttf (230 KB → data URI)
[INFO] [Compiler] Embedded local font file: assets/fonts/noto_telugu_semibold.ttf (242 KB → data URI)
[INFO] [Compiler] Embedded local font file: assets/fonts/noto_gujarati_regular.ttf (196 KB → data URI)
[INFO] [Compiler] Embedded local font file: assets/fonts/noto_gujarati_semibold.ttf (195 KB → data URI)
[INFO] [Compiler] Embedded local font file: assets/fonts/noto_bengali_regular.ttf (140 KB → data URI)
[INFO] [Compiler] Embedded local font file: assets/fonts/noto_tamil_regular.ttf (72 KB → data URI)
[INFO] [Compiler] Embedded local font file: assets/fonts/noto_kannada_regular.ttf (178 KB → data URI)
[INFO] [Compiler] Embedded local font file: assets/fonts/noto_malayalam_regular.ttf (110 KB → data URI)
[INFO] [Compiler] Embedded local font file: assets/fonts/noto_oriya_regular.ttf (128 KB → data URI)
[INFO] [Render] Fast capture: composition uses a CSS 3D rendering context (perspective / preserve-3d / backface-visibility) — disabling drawElementImage for this render. Capture uses the platform's baseline route. {"renderJobId":"75181cf2-c2c9-4d68-8337-daef41bbddfe"}
[INFO] Compiled composition metadata {"renderJobId":"75181cf2-c2c9-4d68-8337-daef41bbddfe","entryFile":"index.html","staticDuration":100,"width":1920,"height":1080,"videoCount":8,"audioCount":6,"renderModeHints":{"recommendScreenshot":false,"reasons":[]}}
[INFO] [Render:trace] {"renderJobId":"75181cf2-c2c9-4d68-8337-daef41bbddfe","phase":"compile","status":"end","elapsedMs":806,"durationMs":793,"needsAlpha":false}
[INFO] [Render:trace] {"renderJobId":"75181cf2-c2c9-4d68-8337-daef41bbddfe","phase":"compile","status":"checkpoint","elapsedMs":809,"message":"composition metadata resolved","width":1920,"height":1080,"videoCount":8,"audioCount":6,"imageCount":0,"deviceScaleFactor":1,"forceScreenshot":false,"compositionHash":"abe29aab950e0dbc"}
[INFO] [Render:trace] {"renderJobId":"75181cf2-c2c9-4d68-8337-daef41bbddfe","phase":"browser_probe","status":"start","elapsedMs":809,"forceScreenshot":false,"stagePhase":"calibrating"}
[INFO] [Render:trace] {"renderJobId":"75181cf2-c2c9-4d68-8337-daef41bbddfe","phase":"browser_probe","status":"end","elapsedMs":1592,"durationMs":782,"forceScreenshot":false,"stagePhase":"calibrating"}
[INFO] [Render:trace] {"renderJobId":"75181cf2-c2c9-4d68-8337-daef41bbddfe","phase":"browser_probe","status":"checkpoint","elapsedMs":1595,"message":"duration resolved","durationSeconds":100,"totalFrames":3000,"compositionHash":"abe29aab950e0dbc","beginFrameStalled":false}
[INFO] [Render:trace] {"renderJobId":"75181cf2-c2c9-4d68-8337-daef41bbddfe","phase":"video_extract","status":"start","elapsedMs":1595,"videoCount":8}
[INFO] Probing video color spaces... {"renderJobId":"75181cf2-c2c9-4d68-8337-daef41bbddfe","videoCount":8}
  ██░░░░░░░░░░░░░░░░░░░░░░░  10%  Extracting video frames
[INFO] Extracting frames from video 1/8 {"renderJobId":"75181cf2-c2c9-4d68-8337-daef41bbddfe","sourceType":"local"}
[INFO] Extracting frames from video 2/8 {"renderJobId":"75181cf2-c2c9-4d68-8337-daef41bbddfe","sourceType":"local"}
[INFO] Extracting frames from video 3/8 {"renderJobId":"75181cf2-c2c9-4d68-8337-daef41bbddfe","sourceType":"local"}
[INFO] Extracting frames from video 4/8 {"renderJobId":"75181cf2-c2c9-4d68-8337-daef41bbddfe","sourceType":"local"}
[INFO] Extracting frames from video 5/8 {"renderJobId":"75181cf2-c2c9-4d68-8337-daef41bbddfe","sourceType":"local"}
[INFO] Extracting frames from video 6/8 {"renderJobId":"75181cf2-c2c9-4d68-8337-daef41bbddfe","sourceType":"local"}
[INFO] Extracting frames from video 7/8 {"renderJobId":"75181cf2-c2c9-4d68-8337-daef41bbddfe","sourceType":"local"}
[INFO] Extracting frames from video 8/8 {"renderJobId":"75181cf2-c2c9-4d68-8337-daef41bbddfe","sourceType":"local"}
[INFO] [Render:trace] {"renderJobId":"75181cf2-c2c9-4d68-8337-daef41bbddfe","phase":"video_extract","status":"end","elapsedMs":1633,"durationMs":38,"videoCount":8}
[INFO] [Render:trace] {"renderJobId":"75181cf2-c2c9-4d68-8337-daef41bbddfe","phase":"video_extract","status":"checkpoint","elapsedMs":1642,"message":"frames resolved","videoCount":8,"extractedVideoCount":8,"totalFramesExtracted":871,"maxFramesPerVideo":211,"avgFramesPerExtractedVideo":109,"vfrPreflightCount":0,"vfrPreflightMs":0,"cacheHits":8,"cacheMisses":0,"transientRetries":0,"minVideoFrameCoverageRatio":1,"authoredTimedClipCount":30}
[INFO] [Render] No HDR sources detected — rendering SDR {"renderJobId":"75181cf2-c2c9-4d68-8337-daef41bbddfe"}
[INFO] [Render:trace] {"renderJobId":"75181cf2-c2c9-4d68-8337-daef41bbddfe","phase":"hdr_detection","status":"checkpoint","elapsedMs":1642,"message":"resolved","requestedHdrMode":"auto","effectiveHdr":"sdr","nativeHdrVideoCount":0,"nativeHdrImageCount":0}
[INFO] [Render:trace] {"renderJobId":"75181cf2-c2c9-4d68-8337-daef41bbddfe","phase":"audio_process","status":"start","elapsedMs":1643,"audioCount":6}
  █████░░░░░░░░░░░░░░░░░░░░  20%  Processing audio tracks
[INFO] [Render:trace] {"renderJobId":"75181cf2-c2c9-4d68-8337-daef41bbddfe","phase":"audio_process","status":"end","elapsedMs":4713,"durationMs":3070,"audioCount":6}
[INFO] [Render:trace] {"renderJobId":"75181cf2-c2c9-4d68-8337-daef41bbddfe","phase":"file_server","status":"start","elapsedMs":4713,"reused":false}
  ██████░░░░░░░░░░░░░░░░░░░  25%  Starting frame capture
[INFO] [Render:trace] {"renderJobId":"75181cf2-c2c9-4d68-8337-daef41bbddfe","phase":"file_server","status":"end","elapsedMs":4723,"durationMs":10}
  ██████░░░░░░░░░░░░░░░░░░░  25%  Checking browser GPU
[hyperframes] browserGpuMode probe → hardware (WebGL renderer vendor="Google Inc. (NVIDIA)" renderer="ANGLE (NVIDIA, NVIDIA GeForce RTX 3050 Ti Laptop GPU (0x000025A0) Direct3D11 vs_5_0 ps_5_0, D3D11)")
[INFO] [Render:trace] {"renderJobId":"75181cf2-c2c9-4d68-8337-daef41bbddfe","phase":"capture_calibration","status":"start","elapsedMs":5742,"stagePhase":"calibrating","forceScreenshot":false,"totalFrames":3000,"framesCompleted":0,"captureMode":"screenshot","captureOperation":"captureScreenshot"}
[INFO] [Render] Calibration config {"renderJobId":"75181cf2-c2c9-4d68-8337-daef41bbddfe","protocolTimeout":30000,"parentProtocolTimeout":300000,"forceScreenshot":false,"totalFrames":3000}
[INFO] Launching browser for capture calibration... {"renderJobId":"75181cf2-c2c9-4d68-8337-daef41bbddfe"}
  ██████░░░░░░░░░░░░░░░░░░░  25%  Measuring capture speed
[BrowserManager] Browser launched (HeadlessChrome/152.0.7977.30, screenshot, gl=--use-gl=angle --use-angle=d3d11, headlessShell=true, platform=win32)
[INFO] Initializing calibration session... {"renderJobId":"75181cf2-c2c9-4d68-8337-daef41bbddfe"}
[initSession:screenshot] page.goto start (0ms)
[HyperFrames] render runtime fps {"canonicalFps":30,"source":"render-options","rawFpsSource":"render-options","rawFps":30}
[initSession:screenshot] page.goto complete (1289ms)
[initSession:screenshot] GSAP proxy flush complete (1353ms)
[initSession:screenshot] pollHfReady complete (1364ms)
[initSession:screenshot] pollSubCompositionTimelines complete (ready) (1374ms)
[initSession:screenshot] applyVideoMetadataHints complete (1378ms)
[initSession:screenshot] media + fonts + tailwind ready (1381ms)
[initSession:screenshot] captureBeyondViewport downgraded: page content fits the capture viewport (1387ms)
[initSession:screenshot] static-frame dedup: disabled (before-capture hook / video injection active) (1388ms)
[INFO] Calibration session ready, capturing test frames... {"renderJobId":"75181cf2-c2c9-4d68-8337-daef41bbddfe"}
[INFO] Calibration: capturing test frame 1/5... {"renderJobId":"75181cf2-c2c9-4d68-8337-daef41bbddfe"}
[INFO] Calibration: capturing test frame 2/5... {"renderJobId":"75181cf2-c2c9-4d68-8337-daef41bbddfe"}
[INFO] Calibration: capturing test frame 3/5... {"renderJobId":"75181cf2-c2c9-4d68-8337-daef41bbddfe"}
[INFO] Calibration: capturing test frame 4/5... {"renderJobId":"75181cf2-c2c9-4d68-8337-daef41bbddfe"}
[INFO] Calibration: capturing test frame 5/5... {"renderJobId":"75181cf2-c2c9-4d68-8337-daef41bbddfe"}
[INFO] Calibration complete, estimated cost: 403ms/frame (p95) {"renderJobId":"75181cf2-c2c9-4d68-8337-daef41bbddfe"}
[INFO] [Render:trace] {"renderJobId":"75181cf2-c2c9-4d68-8337-daef41bbddfe","phase":"capture_calibration","status":"end","elapsedMs":9476,"durationMs":3733,"stagePhase":"calibrating","forceScreenshot":false,"totalFrames":3000,"framesCompleted":0,"captureMode":"screenshot","captureOperation":"captureScreenshot"}
[INFO] [Render:trace] {"renderJobId":"75181cf2-c2c9-4d68-8337-daef41bbddfe","phase":"capture_calibration","status":"checkpoint","elapsedMs":9476,"message":"resolved","forceScreenshot":false,"multiplier":1,"p95Ms":403}
[WARN] [Render] 5 capture workers may exceed this process's V8 heap (limit 4144MB supports ~4). If the render dies with "JavaScript heap out of memory", raise the heap (NODE_OPTIONS=--max-old-space-size=8192) or pass --workers 4. {"renderJobId":"75181cf2-c2c9-4d68-8337-daef41bbddfe","heapLimitMb":4144,"heapBasedWorkers":4}
[INFO] [Render:trace] {"renderJobId":"75181cf2-c2c9-4d68-8337-daef41bbddfe","phase":"worker_resolution","status":"checkpoint","elapsedMs":9478,"message":"resolved","workerCount":5}
[INFO] streaming-encode gate {"renderJobId":"75181cf2-c2c9-4d68-8337-daef41bbddfe","enabled":false,"reason":"multi_worker","configFlag":true,"durationCapEnabled":false,"outputFormat":"mp4","workerCount":5,"durationSeconds":100,"maxDurationSeconds":240}
[INFO] [Render:trace] {"renderJobId":"75181cf2-c2c9-4d68-8337-daef41bbddfe","phase":"capture_strategy","status":"checkpoint","elapsedMs":9479,"message":"resolved","workerCount":5,"forceScreenshot":false,"captureBeyondViewport":true,"useStreamingEncode":false,"useLayeredComposite":false,"usePageSideCompositing":false,"hasHdrContent":false,"hasShaderTransitions":false,"isPngSequence":false}
[INFO] [Render:trace] {"renderJobId":"75181cf2-c2c9-4d68-8337-daef41bbddfe","phase":"capture_disk","status":"start","elapsedMs":9479,"stagePhase":"capturing","needsAlpha":false,"workerCount":5,"forceScreenshot":false,"totalFrames":3000,"framesCompleted":0,"captureMode":"screenshot","captureOperation":"captureScreenshot"}
  ██████░░░░░░░░░░░░░░░░░░░  25%  Starting browsers (0/5 ready)
[BrowserManager] Browser launched (HeadlessChrome/152.0.7977.30, screenshot, gl=--use-gl=angle --use-angle=d3d11, headlessShell=true, platform=win32)
[initSession:screenshot] page.goto start (0ms)
[initSession:screenshot] page.goto start (0ms)
[initSession:screenshot] page.goto start (0ms)
  ██████░░░░░░░░░░░░░░░░░░░  25%  Starting browsers (0/5 ready)
[initSession:screenshot] page.goto start (1ms)
[initSession:screenshot] page.goto start (0ms)
[HyperFrames] render runtime fps {"canonicalFps":30,"source":"render-options","rawFpsSource":"render-options","rawFps":30}
[initSession:screenshot] page.goto complete (1971ms)
[HyperFrames] render runtime fps {"canonicalFps":30,"source":"render-options","rawFpsSource":"render-options","rawFps":30}
[initSession:screenshot] page.goto complete (2118ms)
[HyperFrames] render runtime fps {"canonicalFps":30,"source":"render-options","rawFpsSource":"render-options","rawFps":30}
[initSession:screenshot] page.goto complete (2157ms)
[HyperFrames] render runtime fps {"canonicalFps":30,"source":"render-options","rawFpsSource":"render-options","rawFps":30}
[initSession:screenshot] page.goto complete (2178ms)
[initSession:screenshot] GSAP proxy flush complete (2221ms)
[HyperFrames] render runtime fps {"canonicalFps":30,"source":"render-options","rawFpsSource":"render-options","rawFps":30}
[initSession:screenshot] GSAP proxy flush complete (2223ms)
[initSession:screenshot] GSAP proxy flush complete (2210ms)
[initSession:screenshot] GSAP proxy flush complete (2197ms)
[initSession:screenshot] pollHfReady complete (2239ms)
[initSession:screenshot] pollHfReady complete (2226ms)
[initSession:screenshot] pollHfReady complete (2212ms)
[initSession:screenshot] pollHfReady complete (2199ms)
[initSession:screenshot] pollSubCompositionTimelines complete (ready) (2243ms)
[initSession:screenshot] pollSubCompositionTimelines complete (ready) (2230ms)
[initSession:screenshot] pollSubCompositionTimelines complete (ready) (2216ms)
[initSession:screenshot] pollSubCompositionTimelines complete (ready) (2202ms)
[initSession:screenshot] applyVideoMetadataHints complete (2245ms)
[initSession:screenshot] applyVideoMetadataHints complete (2233ms)
[initSession:screenshot] applyVideoMetadataHints complete (2220ms)
[initSession:screenshot] applyVideoMetadataHints complete (2206ms)
[initSession:screenshot] media + fonts + tailwind ready (2250ms)
[initSession:screenshot] media + fonts + tailwind ready (2237ms)
[initSession:screenshot] media + fonts + tailwind ready (2223ms)
[initSession:screenshot] media + fonts + tailwind ready (2209ms)
[initSession:screenshot] captureBeyondViewport downgraded: page content fits the capture viewport (2285ms)
[initSession:screenshot] static-frame dedup: disabled (before-capture hook / video injection active) (2285ms)
[initSession:screenshot] captureBeyondViewport downgraded: page content fits the capture viewport (2277ms)
[initSession:screenshot] static-frame dedup: disabled (before-capture hook / video injection active) (2277ms)
[initSession:screenshot] captureBeyondViewport downgraded: page content fits the capture viewport (2268ms)
[initSession:screenshot] static-frame dedup: disabled (before-capture hook / video injection active) (2268ms)
[initSession:screenshot] captureBeyondViewport downgraded: page content fits the capture viewport (2257ms)
[initSession:screenshot] static-frame dedup: disabled (before-capture hook / video injection active) (2257ms)
  ██████░░░░░░░░░░░░░░░░░░░  25%  Starting browsers (1/5 ready)
  ██████░░░░░░░░░░░░░░░░░░░  25%  Capturing frame 1/3000 (5 workers)
[initSession:screenshot] page.goto complete (2554ms)
  ██████░░░░░░░░░░░░░░░░░░░  25%  Capturing frame 2/3000 (5 workers)
[initSession:screenshot] GSAP proxy flush complete (2782ms)
[initSession:screenshot] pollHfReady complete (2791ms)
[initSession:screenshot] pollSubCompositionTimelines complete (ready) (2798ms)
[initSession:screenshot] applyVideoMetadataHints complete (2801ms)
[initSession:screenshot] media + fonts + tailwind ready (2819ms)
[initSession:screenshot] captureBeyondViewport downgraded: page content fits the capture viewport (2829ms)
[initSession:screenshot] static-frame dedup: disabled (before-capture hook / video injection active) (2830ms)
  ██████░░░░░░░░░░░░░░░░░░░  25%  Capturing frame 6/3000 (5 workers)
  ██████░░░░░░░░░░░░░░░░░░░  25%  Capturing frame 14/3000 (5 workers)
  ██████░░░░░░░░░░░░░░░░░░░  25%  Capturing frame 24/3000 (5 workers)
  ██████░░░░░░░░░░░░░░░░░░░  26%  Capturing frame 34/3000 (5 workers)
  ██████░░░░░░░░░░░░░░░░░░░  26%  Capturing frame 44/3000 (5 workers)
  ██████░░░░░░░░░░░░░░░░░░░  26%  Capturing frame 53/3000 (5 workers)
  ██████░░░░░░░░░░░░░░░░░░░  26%  Capturing frame 60/3000 (5 workers)
  ██████░░░░░░░░░░░░░░░░░░░  26%  Capturing frame 68/3000 (5 workers)
  ██████░░░░░░░░░░░░░░░░░░░  26%  Capturing frame 77/3000 (5 workers)
  ██████░░░░░░░░░░░░░░░░░░░  26%  Capturing frame 84/3000 (5 workers)
  ██████░░░░░░░░░░░░░░░░░░░  26%  Capturing frame 92/3000 (5 workers)
  ██████░░░░░░░░░░░░░░░░░░░  27%  Capturing frame 100/3000 (5 workers)
  ██████░░░░░░░░░░░░░░░░░░░  27%  Capturing frame 108/3000 (5 workers)
  ██████░░░░░░░░░░░░░░░░░░░  27%  Capturing frame 118/3000 (5 workers)
  ██████░░░░░░░░░░░░░░░░░░░  27%  Capturing frame 128/3000 (5 workers)
  ██████░░░░░░░░░░░░░░░░░░░  27%  Capturing frame 138/3000 (5 workers)
  ██████░░░░░░░░░░░░░░░░░░░  27%  Capturing frame 148/3000 (5 workers)
  ██████░░░░░░░░░░░░░░░░░░░  27%  Capturing frame 158/3000 (5 workers)
  ███████░░░░░░░░░░░░░░░░░░  28%  Capturing frame 169/3000 (5 workers)
  ███████░░░░░░░░░░░░░░░░░░  28%  Capturing frame 180/3000 (5 workers)
  ███████░░░░░░░░░░░░░░░░░░  28%  Capturing frame 191/3000 (5 workers)
  ███████░░░░░░░░░░░░░░░░░░  28%  Capturing frame 202/3000 (5 workers)
  ███████░░░░░░░░░░░░░░░░░░  28%  Capturing frame 213/3000 (5 workers)
  ███████░░░░░░░░░░░░░░░░░░  28%  Capturing frame 225/3000 (5 workers)
  ███████░░░░░░░░░░░░░░░░░░  29%  Capturing frame 237/3000 (5 workers)
  ███████░░░░░░░░░░░░░░░░░░  29%  Capturing frame 248/3000 (5 workers)
  ███████░░░░░░░░░░░░░░░░░░  29%  Capturing frame 258/3000 (5 workers)
  ███████░░░░░░░░░░░░░░░░░░  29%  Capturing frame 268/3000 (5 workers)
  ███████░░░░░░░░░░░░░░░░░░  29%  Capturing frame 278/3000 (5 workers)
  ███████░░░░░░░░░░░░░░░░░░  29%  Capturing frame 288/3000 (5 workers)
  ███████░░░░░░░░░░░░░░░░░░  29%  Capturing frame 297/3000 (5 workers)
  ███████░░░░░░░░░░░░░░░░░░  30%  Capturing frame 308/3000 (5 workers)
  ███████░░░░░░░░░░░░░░░░░░  30%  Capturing frame 319/3000 (5 workers)
  ███████░░░░░░░░░░░░░░░░░░  30%  Capturing frame 329/3000 (5 workers)
  ███████░░░░░░░░░░░░░░░░░░  30%  Capturing frame 339/3000 (5 workers)
  ███████░░░░░░░░░░░░░░░░░░  30%  Capturing frame 349/3000 (5 workers)
  ███████░░░░░░░░░░░░░░░░░░  30%  Capturing frame 358/3000 (5 workers)
  ███████░░░░░░░░░░░░░░░░░░  31%  Capturing frame 369/3000 (5 workers)
  ███████░░░░░░░░░░░░░░░░░░  31%  Capturing frame 378/3000 (5 workers)
  ███████░░░░░░░░░░░░░░░░░░  31%  Capturing frame 388/3000 (5 workers)
  ███████░░░░░░░░░░░░░░░░░░  31%  Capturing frame 398/3000 (5 workers)
  ███████░░░░░░░░░░░░░░░░░░  31%  Capturing frame 408/3000 (5 workers)
  ███████░░░░░░░░░░░░░░░░░░  31%  Capturing frame 418/3000 (5 workers)
  ███████░░░░░░░░░░░░░░░░░░  31%  Capturing frame 429/3000 (5 workers)
  ████████░░░░░░░░░░░░░░░░░  32%  Capturing frame 438/3000 (5 workers)
  ████████░░░░░░░░░░░░░░░░░  32%  Capturing frame 448/3000 (5 workers)
  ████████░░░░░░░░░░░░░░░░░  32%  Capturing frame 458/3000 (5 workers)
  ████████░░░░░░░░░░░░░░░░░  32%  Capturing frame 468/3000 (5 workers)
  ████████░░░░░░░░░░░░░░░░░  32%  Capturing frame 478/3000 (5 workers)
  ████████░░░░░░░░░░░░░░░░░  32%  Capturing frame 488/3000 (5 workers)
  ████████░░░░░░░░░░░░░░░░░  32%  Capturing frame 498/3000 (5 workers)
  ████████░░░░░░░░░░░░░░░░░  33%  Capturing frame 508/3000 (5 workers)
  ████████░░░░░░░░░░░░░░░░░  33%  Capturing frame 518/3000 (5 workers)
  ████████░░░░░░░░░░░░░░░░░  33%  Capturing frame 528/3000 (5 workers)
  ████████░░░░░░░░░░░░░░░░░  33%  Capturing frame 538/3000 (5 workers)
  ████████░░░░░░░░░░░░░░░░░  33%  Capturing frame 549/3000 (5 workers)
  ████████░░░░░░░░░░░░░░░░░  33%  Capturing frame 559/3000 (5 workers)
  ████████░░░░░░░░░░░░░░░░░  34%  Capturing frame 570/3000 (5 workers)
  ████████░░░░░░░░░░░░░░░░░  34%  Capturing frame 581/3000 (5 workers)
  ████████░░░░░░░░░░░░░░░░░  34%  Capturing frame 591/3000 (5 workers)
  ████████░░░░░░░░░░░░░░░░░  34%  Capturing frame 602/3000 (5 workers)
  ████████░░░░░░░░░░░░░░░░░  34%  Capturing frame 613/3000 (5 workers)
  ████████░░░░░░░░░░░░░░░░░  34%  Capturing frame 624/3000 (5 workers)
  ████████░░░░░░░░░░░░░░░░░  35%  Capturing frame 635/3000 (5 workers)
  ████████░░░░░░░░░░░░░░░░░  35%  Capturing frame 644/3000 (5 workers)
  ████████░░░░░░░░░░░░░░░░░  35%  Capturing frame 653/3000 (5 workers)
  ████████░░░░░░░░░░░░░░░░░  35%  Capturing frame 663/3000 (5 workers)
  ████████░░░░░░░░░░░░░░░░░  35%  Capturing frame 673/3000 (5 workers)
  ████████░░░░░░░░░░░░░░░░░  35%  Capturing frame 682/3000 (5 workers)
  ████████░░░░░░░░░░░░░░░░░  35%  Capturing frame 690/3000 (5 workers)
  ████████░░░░░░░░░░░░░░░░░  35%  Capturing frame 699/3000 (5 workers)
  █████████░░░░░░░░░░░░░░░░  36%  Capturing frame 709/3000 (5 workers)
  █████████░░░░░░░░░░░░░░░░  36%  Capturing frame 717/3000 (5 workers)
  █████████░░░░░░░░░░░░░░░░  36%  Capturing frame 725/3000 (5 workers)
  █████████░░░░░░░░░░░░░░░░  36%  Capturing frame 736/3000 (5 workers)
  █████████░░░░░░░░░░░░░░░░  36%  Capturing frame 746/3000 (5 workers)
  █████████░░░░░░░░░░░░░░░░  36%  Capturing frame 756/3000 (5 workers)
  █████████░░░░░░░░░░░░░░░░  37%  Capturing frame 767/3000 (5 workers)
  █████████░░░░░░░░░░░░░░░░  37%  Capturing frame 777/3000 (5 workers)
  █████████░░░░░░░░░░░░░░░░  37%  Capturing frame 786/3000 (5 workers)
  █████████░░░░░░░░░░░░░░░░  37%  Capturing frame 796/3000 (5 workers)
  █████████░░░░░░░░░░░░░░░░  37%  Capturing frame 805/3000 (5 workers)
  █████████░░░░░░░░░░░░░░░░  37%  Capturing frame 814/3000 (5 workers)
  █████████░░░░░░░░░░░░░░░░  37%  Capturing frame 823/3000 (5 workers)
  █████████░░░░░░░░░░░░░░░░  37%  Capturing frame 833/3000 (5 workers)
  █████████░░░░░░░░░░░░░░░░  38%  Capturing frame 843/3000 (5 workers)
  █████████░░░░░░░░░░░░░░░░  38%  Capturing frame 853/3000 (5 workers)
  █████████░░░░░░░░░░░░░░░░  38%  Capturing frame 864/3000 (5 workers)
  █████████░░░░░░░░░░░░░░░░  38%  Capturing frame 874/3000 (5 workers)
  █████████░░░░░░░░░░░░░░░░  38%  Capturing frame 884/3000 (5 workers)
  █████████░░░░░░░░░░░░░░░░  38%  Capturing frame 895/3000 (5 workers)
  █████████░░░░░░░░░░░░░░░░  39%  Capturing frame 901/3000 (5 workers)
  █████████░░░░░░░░░░░░░░░░  39%  Capturing frame 910/3000 (5 workers)
  █████████░░░░░░░░░░░░░░░░  39%  Capturing frame 917/3000 (5 workers)
  █████████░░░░░░░░░░░░░░░░  39%  Capturing frame 927/3000 (5 workers)
  █████████░░░░░░░░░░░░░░░░  39%  Capturing frame 938/3000 (5 workers)
  █████████░░░░░░░░░░░░░░░░  39%  Capturing frame 948/3000 (5 workers)
  █████████░░░░░░░░░░░░░░░░  39%  Capturing frame 958/3000 (5 workers)
  ██████████░░░░░░░░░░░░░░░  40%  Capturing frame 968/3000 (5 workers)
[INFO] [Render:trace] {"renderJobId":"75181cf2-c2c9-4d68-8337-daef41bbddfe","phase":"capture_disk","status":"checkpoint","elapsedMs":39480,"message":"stage still running","stagePhase":"capturing","needsAlpha":false,"workerCount":5,"forceScreenshot":false,"totalFrames":3000,"framesCompleted":975,"captureMode":"screenshot","captureOperation":"captureScreenshot","heartbeatIndex":1,"stageElapsedMs":30001}
  ██████████░░░░░░░░░░░░░░░  40%  Capturing frame 977/3000 (5 workers)
  ██████████░░░░░░░░░░░░░░░  40%  Capturing frame 986/3000 (5 workers)
  ██████████░░░░░░░░░░░░░░░  40%  Capturing frame 994/3000 (5 workers)
  ██████████░░░░░░░░░░░░░░░  40%  Capturing frame 1003/3000 (5 workers)
  ██████████░░░░░░░░░░░░░░░  40%  Capturing frame 1012/3000 (5 workers)
  ██████████░░░░░░░░░░░░░░░  40%  Capturing frame 1022/3000 (5 workers)
  ██████████░░░░░░░░░░░░░░░  40%  Capturing frame 1032/3000 (5 workers)
  ██████████░░░░░░░░░░░░░░░  41%  Capturing frame 1042/3000 (5 workers)
  ██████████░░░░░░░░░░░░░░░  41%  Capturing frame 1051/3000 (5 workers)
  ██████████░░░░░░░░░░░░░░░  41%  Capturing frame 1061/3000 (5 workers)
  ██████████░░░░░░░░░░░░░░░  41%  Capturing frame 1071/3000 (5 workers)
  ██████████░░░░░░░░░░░░░░░  41%  Capturing frame 1079/3000 (5 workers)
  ██████████░░░░░░░░░░░░░░░  41%  Capturing frame 1088/3000 (5 workers)
  ██████████░░░░░░░░░░░░░░░  41%  Capturing frame 1098/3000 (5 workers)
  ██████████░░░░░░░░░░░░░░░  42%  Capturing frame 1109/3000 (5 workers)
  ██████████░░░░░░░░░░░░░░░  42%  Capturing frame 1120/3000 (5 workers)
  ██████████░░░░░░░░░░░░░░░  42%  Capturing frame 1129/3000 (5 workers)
  ██████████░░░░░░░░░░░░░░░  42%  Capturing frame 1138/3000 (5 workers)
  ██████████░░░░░░░░░░░░░░░  42%  Capturing frame 1150/3000 (5 workers)
  ██████████░░░░░░░░░░░░░░░  42%  Capturing frame 1161/3000 (5 workers)
  ██████████░░░░░░░░░░░░░░░  43%  Capturing frame 1172/3000 (5 workers)
  ██████████░░░░░░░░░░░░░░░  43%  Capturing frame 1183/3000 (5 workers)
  ██████████░░░░░░░░░░░░░░░  43%  Capturing frame 1194/3000 (5 workers)
  ██████████░░░░░░░░░░░░░░░  43%  Capturing frame 1204/3000 (5 workers)
  ██████████░░░░░░░░░░░░░░░  43%  Capturing frame 1215/3000 (5 workers)
  ██████████░░░░░░░░░░░░░░░  43%  Capturing frame 1225/3000 (5 workers)
  ███████████░░░░░░░░░░░░░░  44%  Capturing frame 1235/3000 (5 workers)
  ███████████░░░░░░░░░░░░░░  44%  Capturing frame 1246/3000 (5 workers)
  ███████████░░░░░░░░░░░░░░  44%  Capturing frame 1257/3000 (5 workers)
  ███████████░░░░░░░░░░░░░░  44%  Capturing frame 1268/3000 (5 workers)
  ███████████░░░░░░░░░░░░░░  44%  Capturing frame 1277/3000 (5 workers)
  ███████████░░░░░░░░░░░░░░  44%  Capturing frame 1288/3000 (5 workers)
  ███████████░░░░░░░░░░░░░░  44%  Capturing frame 1298/3000 (5 workers)
  ███████████░░░░░░░░░░░░░░  45%  Capturing frame 1308/3000 (5 workers)
  ███████████░░░░░░░░░░░░░░  45%  Capturing frame 1317/3000 (5 workers)
  ███████████░░░░░░░░░░░░░░  45%  Capturing frame 1327/3000 (5 workers)
  ███████████░░░░░░░░░░░░░░  45%  Capturing frame 1338/3000 (5 workers)
  ███████████░░░░░░░░░░░░░░  45%  Capturing frame 1349/3000 (5 workers)
  ███████████░░░░░░░░░░░░░░  45%  Capturing frame 1360/3000 (5 workers)
  ███████████░░░░░░░░░░░░░░  46%  Capturing frame 1371/3000 (5 workers)
  ███████████░░░░░░░░░░░░░░  46%  Capturing frame 1381/3000 (5 workers)
  ███████████░░░░░░░░░░░░░░  46%  Capturing frame 1392/3000 (5 workers)
  ███████████░░░░░░░░░░░░░░  46%  Capturing frame 1403/3000 (5 workers)
  ███████████░░░░░░░░░░░░░░  46%  Capturing frame 1414/3000 (5 workers)
  ███████████░░░░░░░░░░░░░░  46%  Capturing frame 1424/3000 (5 workers)
  ███████████░░░░░░░░░░░░░░  47%  Capturing frame 1434/3000 (5 workers)
  ███████████░░░░░░░░░░░░░░  47%  Capturing frame 1445/3000 (5 workers)
  ███████████░░░░░░░░░░░░░░  47%  Capturing frame 1455/3000 (5 workers)
  ███████████░░░░░░░░░░░░░░  47%  Capturing frame 1465/3000 (5 workers)
  ███████████░░░░░░░░░░░░░░  47%  Capturing frame 1475/3000 (5 workers)
  ███████████░░░░░░░░░░░░░░  47%  Capturing frame 1486/3000 (5 workers)
  ███████████░░░░░░░░░░░░░░  47%  Capturing frame 1496/3000 (5 workers)
  ████████████░░░░░░░░░░░░░  48%  Capturing frame 1507/3000 (5 workers)
  ████████████░░░░░░░░░░░░░  48%  Capturing frame 1517/3000 (5 workers)
  ████████████░░░░░░░░░░░░░  48%  Capturing frame 1527/3000 (5 workers)
  ████████████░░░░░░░░░░░░░  48%  Capturing frame 1537/3000 (5 workers)
  ████████████░░░░░░░░░░░░░  48%  Capturing frame 1547/3000 (5 workers)
  ████████████░░░░░░░░░░░░░  48%  Capturing frame 1557/3000 (5 workers)
  ████████████░░░░░░░░░░░░░  49%  Capturing frame 1568/3000 (5 workers)
  ████████████░░░░░░░░░░░░░  49%  Capturing frame 1578/3000 (5 workers)
  ████████████░░░░░░░░░░░░░  49%  Capturing frame 1587/3000 (5 workers)
  ████████████░░░░░░░░░░░░░  49%  Capturing frame 1597/3000 (5 workers)
  ████████████░░░░░░░░░░░░░  49%  Capturing frame 1607/3000 (5 workers)
  ████████████░░░░░░░░░░░░░  49%  Capturing frame 1617/3000 (5 workers)
  ████████████░░░░░░░░░░░░░  49%  Capturing frame 1625/3000 (5 workers)
  ████████████░░░░░░░░░░░░░  50%  Capturing frame 1634/3000 (5 workers)
  ████████████░░░░░░░░░░░░░  50%  Capturing frame 1645/3000 (5 workers)
  ████████████░░░░░░░░░░░░░  50%  Capturing frame 1654/3000 (5 workers)
  ████████████░░░░░░░░░░░░░  50%  Capturing frame 1664/3000 (5 workers)
  ████████████░░░░░░░░░░░░░  50%  Capturing frame 1674/3000 (5 workers)
  ████████████░░░░░░░░░░░░░  50%  Capturing frame 1684/3000 (5 workers)
  ████████████░░░░░░░░░░░░░  50%  Capturing frame 1695/3000 (5 workers)
  ████████████░░░░░░░░░░░░░  51%  Capturing frame 1703/3000 (5 workers)
  ████████████░░░░░░░░░░░░░  51%  Capturing frame 1714/3000 (5 workers)
  ████████████░░░░░░░░░░░░░  51%  Capturing frame 1724/3000 (5 workers)
  ████████████░░░░░░░░░░░░░  51%  Capturing frame 1734/3000 (5 workers)
  ████████████░░░░░░░░░░░░░  51%  Capturing frame 1745/3000 (5 workers)
  ████████████░░░░░░░░░░░░░  51%  Capturing frame 1756/3000 (5 workers)
  █████████████░░░░░░░░░░░░  52%  Capturing frame 1767/3000 (5 workers)
  █████████████░░░░░░░░░░░░  52%  Capturing frame 1778/3000 (5 workers)
  █████████████░░░░░░░░░░░░  52%  Capturing frame 1786/3000 (5 workers)
  █████████████░░░░░░░░░░░░  52%  Capturing frame 1796/3000 (5 workers)
  █████████████░░░░░░░░░░░░  52%  Capturing frame 1807/3000 (5 workers)
  █████████████░░░░░░░░░░░░  52%  Capturing frame 1816/3000 (5 workers)
  █████████████░░░░░░░░░░░░  52%  Capturing frame 1824/3000 (5 workers)
  █████████████░░░░░░░░░░░░  52%  Capturing frame 1833/3000 (5 workers)
  █████████████░░░░░░░░░░░░  53%  Capturing frame 1843/3000 (5 workers)
  █████████████░░░░░░░░░░░░  53%  Capturing frame 1853/3000 (5 workers)
  █████████████░░░░░░░░░░░░  53%  Capturing frame 1863/3000 (5 workers)
  █████████████░░░░░░░░░░░░  53%  Capturing frame 1873/3000 (5 workers)
  █████████████░░░░░░░░░░░░  53%  Capturing frame 1883/3000 (5 workers)
  █████████████░░░░░░░░░░░░  53%  Capturing frame 1893/3000 (5 workers)
  █████████████░░░░░░░░░░░░  54%  Capturing frame 1902/3000 (5 workers)
  █████████████░░░░░░░░░░░░  54%  Capturing frame 1910/3000 (5 workers)
  █████████████░░░░░░░░░░░░  54%  Capturing frame 1918/3000 (5 workers)
  █████████████░░░░░░░░░░░░  54%  Capturing frame 1927/3000 (5 workers)
  █████████████░░░░░░░░░░░░  54%  Capturing frame 1935/3000 (5 workers)
  █████████████░░░░░░░░░░░░  54%  Capturing frame 1943/3000 (5 workers)
  █████████████░░░░░░░░░░░░  54%  Capturing frame 1953/3000 (5 workers)
  █████████████░░░░░░░░░░░░  54%  Capturing frame 1963/3000 (5 workers)
  █████████████░░░░░░░░░░░░  55%  Capturing frame 1972/3000 (5 workers)
  █████████████░░░░░░░░░░░░  55%  Capturing frame 1980/3000 (5 workers)
  █████████████░░░░░░░░░░░░  55%  Capturing frame 1988/3000 (5 workers)
  █████████████░░░░░░░░░░░░  55%  Capturing frame 1998/3000 (5 workers)
  █████████████░░░░░░░░░░░░  55%  Capturing frame 2008/3000 (5 workers)
  █████████████░░░░░░░░░░░░  55%  Capturing frame 2016/3000 (5 workers)
  █████████████░░░░░░░░░░░░  55%  Capturing frame 2025/3000 (5 workers)
  █████████████░░░░░░░░░░░░  55%  Capturing frame 2033/3000 (5 workers)
  ██████████████░░░░░░░░░░░  56%  Capturing frame 2043/3000 (5 workers)
  ██████████████░░░░░░░░░░░  56%  Capturing frame 2053/3000 (5 workers)
  ██████████████░░░░░░░░░░░  56%  Capturing frame 2063/3000 (5 workers)
  ██████████████░░░░░░░░░░░  56%  Capturing frame 2072/3000 (5 workers)
  ██████████████░░░░░░░░░░░  56%  Capturing frame 2082/3000 (5 workers)
[INFO] [Render:trace] {"renderJobId":"75181cf2-c2c9-4d68-8337-daef41bbddfe","phase":"capture_disk","status":"checkpoint","elapsedMs":69483,"message":"stage still running","stagePhase":"capturing","needsAlpha":false,"workerCount":5,"forceScreenshot":false,"totalFrames":3000,"framesCompleted":2088,"captureMode":"screenshot","captureOperation":"captureScreenshot","heartbeatIndex":2,"stageElapsedMs":60004}
  ██████████████░░░░░░░░░░░  56%  Capturing frame 2092/3000 (5 workers)
  ██████████████░░░░░░░░░░░  57%  Capturing frame 2103/3000 (5 workers)
  ██████████████░░░░░░░░░░░  57%  Capturing frame 2112/3000 (5 workers)
  ██████████████░░░░░░░░░░░  57%  Capturing frame 2120/3000 (5 workers)
  ██████████████░░░░░░░░░░░  57%  Capturing frame 2128/3000 (5 workers)
  ██████████████░░░░░░░░░░░  57%  Capturing frame 2136/3000 (5 workers)
  ██████████████░░░░░░░░░░░  57%  Capturing frame 2146/3000 (5 workers)
  ██████████████░░░░░░░░░░░  57%  Capturing frame 2155/3000 (5 workers)
  ██████████████░░░░░░░░░░░  57%  Capturing frame 2164/3000 (5 workers)
  ██████████████░░░░░░░░░░░  58%  Capturing frame 2172/3000 (5 workers)
  ██████████████░░░░░░░░░░░  58%  Capturing frame 2182/3000 (5 workers)
  ██████████████░░░░░░░░░░░  58%  Capturing frame 2191/3000 (5 workers)
  ██████████████░░░░░░░░░░░  58%  Capturing frame 2200/3000 (5 workers)
  ██████████████░░░░░░░░░░░  58%  Capturing frame 2211/3000 (5 workers)
  ██████████████░░░░░░░░░░░  58%  Capturing frame 2220/3000 (5 workers)
  ██████████████░░░░░░░░░░░  58%  Capturing frame 2230/3000 (5 workers)
  ██████████████░░░░░░░░░░░  59%  Capturing frame 2241/3000 (5 workers)
  ██████████████░░░░░░░░░░░  59%  Capturing frame 2251/3000 (5 workers)
  ██████████████░░░░░░░░░░░  59%  Capturing frame 2261/3000 (5 workers)
  ██████████████░░░░░░░░░░░  59%  Capturing frame 2271/3000 (5 workers)
  ██████████████░░░░░░░░░░░  59%  Capturing frame 2280/3000 (5 workers)
  ██████████████░░░░░░░░░░░  59%  Capturing frame 2291/3000 (5 workers)
  ███████████████░░░░░░░░░░  60%  Capturing frame 2301/3000 (5 workers)
  ███████████████░░░░░░░░░░  60%  Capturing frame 2310/3000 (5 workers)
  ███████████████░░░░░░░░░░  60%  Capturing frame 2320/3000 (5 workers)
  ███████████████░░░░░░░░░░  60%  Capturing frame 2330/3000 (5 workers)
  ███████████████░░░░░░░░░░  60%  Capturing frame 2340/3000 (5 workers)
  ███████████████░░░░░░░░░░  60%  Capturing frame 2350/3000 (5 workers)
  ███████████████░░░░░░░░░░  60%  Capturing frame 2359/3000 (5 workers)
  ███████████████░░░░░░░░░░  61%  Capturing frame 2369/3000 (5 workers)
  ███████████████░░░░░░░░░░  61%  Capturing frame 2379/3000 (5 workers)
  ███████████████░░░░░░░░░░  61%  Capturing frame 2389/3000 (5 workers)
  ███████████████░░░░░░░░░░  61%  Capturing frame 2399/3000 (5 workers)
  ███████████████░░░░░░░░░░  61%  Capturing frame 2409/3000 (5 workers)
  ███████████████░░░░░░░░░░  61%  Capturing frame 2419/3000 (5 workers)
  ███████████████░░░░░░░░░░  61%  Capturing frame 2429/3000 (5 workers)
  ███████████████░░░░░░░░░░  62%  Capturing frame 2438/3000 (5 workers)
  ███████████████░░░░░░░░░░  62%  Capturing frame 2446/3000 (5 workers)
  ███████████████░░░░░░░░░░  62%  Capturing frame 2456/3000 (5 workers)
  ███████████████░░░░░░░░░░  62%  Capturing frame 2466/3000 (5 workers)
  ███████████████░░░░░░░░░░  62%  Capturing frame 2476/3000 (5 workers)
  ███████████████░░░░░░░░░░  62%  Capturing frame 2486/3000 (5 workers)
  ███████████████░░░░░░░░░░  62%  Capturing frame 2495/3000 (5 workers)
  ███████████████░░░░░░░░░░  63%  Capturing frame 2504/3000 (5 workers)
  ███████████████░░░░░░░░░░  63%  Capturing frame 2515/3000 (5 workers)
  ███████████████░░░░░░░░░░  63%  Capturing frame 2526/3000 (5 workers)
  ███████████████░░░░░░░░░░  63%  Capturing frame 2535/3000 (5 workers)
  ███████████████░░░░░░░░░░  63%  Capturing frame 2546/3000 (5 workers)
  ███████████████░░░░░░░░░░  63%  Capturing frame 2556/3000 (5 workers)
  ███████████████░░░░░░░░░░  63%  Capturing frame 2566/3000 (5 workers)
  ████████████████░░░░░░░░░  64%  Capturing frame 2577/3000 (5 workers)
  ████████████████░░░░░░░░░  64%  Capturing frame 2587/3000 (5 workers)
  ████████████████░░░░░░░░░  64%  Capturing frame 2598/3000 (5 workers)
  ████████████████░░░░░░░░░  64%  Capturing frame 2609/3000 (5 workers)
  ████████████████░░░░░░░░░  64%  Capturing frame 2620/3000 (5 workers)
  ████████████████░░░░░░░░░  64%  Capturing frame 2632/3000 (5 workers)
  ████████████████░░░░░░░░░  65%  Capturing frame 2643/3000 (5 workers)
  ████████████████░░░░░░░░░  65%  Capturing frame 2653/3000 (5 workers)
  ████████████████░░░░░░░░░  65%  Capturing frame 2662/3000 (5 workers)
  ████████████████░░░░░░░░░  65%  Capturing frame 2673/3000 (5 workers)
  ████████████████░░░░░░░░░  65%  Capturing frame 2684/3000 (5 workers)
  ████████████████░░░░░░░░░  65%  Capturing frame 2694/3000 (5 workers)
  ████████████████░░░░░░░░░  66%  Capturing frame 2705/3000 (5 workers)
  ████████████████░░░░░░░░░  66%  Capturing frame 2716/3000 (5 workers)
  ████████████████░░░░░░░░░  66%  Capturing frame 2726/3000 (5 workers)
  ████████████████░░░░░░░░░  66%  Capturing frame 2736/3000 (5 workers)
  ████████████████░░░░░░░░░  66%  Capturing frame 2747/3000 (5 workers)
  ████████████████░░░░░░░░░  66%  Capturing frame 2756/3000 (5 workers)
  ████████████████░░░░░░░░░  66%  Capturing frame 2766/3000 (5 workers)
  ████████████████░░░░░░░░░  67%  Capturing frame 2776/3000 (5 workers)
  ████████████████░░░░░░░░░  67%  Capturing frame 2785/3000 (5 workers)
  ████████████████░░░░░░░░░  67%  Capturing frame 2793/3000 (5 workers)
  ████████████████░░░░░░░░░  67%  Capturing frame 2802/3000 (5 workers)
  ████████████████░░░░░░░░░  67%  Capturing frame 2812/3000 (5 workers)
  ████████████████░░░░░░░░░  67%  Capturing frame 2822/3000 (5 workers)
  ████████████████░░░░░░░░░  67%  Capturing frame 2831/3000 (5 workers)
  █████████████████░░░░░░░░  68%  Capturing frame 2839/3000 (5 workers)
  █████████████████░░░░░░░░  68%  Capturing frame 2849/3000 (5 workers)
  █████████████████░░░░░░░░  68%  Capturing frame 2858/3000 (5 workers)
  █████████████████░░░░░░░░  68%  Capturing frame 2868/3000 (5 workers)
  █████████████████░░░░░░░░  68%  Capturing frame 2876/3000 (5 workers)
  █████████████████░░░░░░░░  68%  Capturing frame 2884/3000 (5 workers)
  █████████████████░░░░░░░░  68%  Capturing frame 2892/3000 (5 workers)
  █████████████████░░░░░░░░  69%  Capturing frame 2900/3000 (5 workers)
  █████████████████░░░░░░░░  69%  Capturing frame 2910/3000 (5 workers)
  █████████████████░░░░░░░░  69%  Capturing frame 2919/3000 (5 workers)
  █████████████████░░░░░░░░  69%  Capturing frame 2928/3000 (5 workers)
  █████████████████░░░░░░░░  69%  Capturing frame 2936/3000 (5 workers)
  █████████████████░░░░░░░░  69%  Capturing frame 2944/3000 (5 workers)
  █████████████████░░░░░░░░  69%  Capturing frame 2950/3000 (5 workers)
  █████████████████░░░░░░░░  69%  Capturing frame 2955/3000 (5 workers)
  █████████████████░░░░░░░░  69%  Capturing frame 2959/3000 (5 workers)
  █████████████████░░░░░░░░  69%  Capturing frame 2963/3000 (5 workers)
  █████████████████░░░░░░░░  70%  Capturing frame 2967/3000 (5 workers)
  █████████████████░░░░░░░░  70%  Capturing frame 2971/3000 (5 workers)
  █████████████████░░░░░░░░  70%  Capturing frame 2976/3000 (5 workers)
  █████████████████░░░░░░░░  70%  Capturing frame 2981/3000 (5 workers)
  █████████████████░░░░░░░░  70%  Capturing frame 2986/3000 (5 workers)
  █████████████████░░░░░░░░  70%  Capturing frame 2990/3000 (5 workers)
  █████████████████░░░░░░░░  70%  Capturing frame 2995/3000 (5 workers)
  █████████████████░░░░░░░░  70%  Capturing frame 3000/3000 (5 workers)
[INFO] [Render:trace] {"renderJobId":"75181cf2-c2c9-4d68-8337-daef41bbddfe","phase":"capture_disk","status":"end","elapsedMs":117243,"durationMs":107764,"stagePhase":"capturing","needsAlpha":false,"workerCount":5,"forceScreenshot":false,"totalFrames":3000,"framesCompleted":3000,"captureMode":"screenshot","captureOperation":"encode"}
[INFO] [Render:trace] {"renderJobId":"75181cf2-c2c9-4d68-8337-daef41bbddfe","phase":"encode","status":"start","elapsedMs":117244,"stagePhase":"capturing","hasAudio":true,"isPngSequence":false,"isGif":false,"chunkedEncode":false,"workerCount":5,"forceScreenshot":false,"totalFrames":3000,"framesCompleted":3000,"captureMode":"screenshot","captureOperation":"encode"}
  ██████████████████░░░░░░░  75%  Encoding video
[INFO] [Render:trace] {"renderJobId":"75181cf2-c2c9-4d68-8337-daef41bbddfe","phase":"encode","status":"checkpoint","elapsedMs":147258,"message":"stage still running","stagePhase":"capturing","hasAudio":true,"isPngSequence":false,"isGif":false,"chunkedEncode":false,"workerCount":5,"forceScreenshot":false,"totalFrames":3000,"framesCompleted":3000,"captureMode":"screenshot","captureOperation":"encode","heartbeatIndex":1,"stageElapsedMs":30014}
[INFO] [Render:trace] {"renderJobId":"75181cf2-c2c9-4d68-8337-daef41bbddfe","phase":"encode","status":"end","elapsedMs":148973,"durationMs":31729,"stagePhase":"capturing","hasAudio":true,"isPngSequence":false,"isGif":false,"chunkedEncode":false,"workerCount":5,"forceScreenshot":false,"totalFrames":3000,"framesCompleted":3000,"captureMode":"screenshot","captureOperation":"encode"}
[INFO] [Render:trace] {"renderJobId":"75181cf2-c2c9-4d68-8337-daef41bbddfe","phase":"assemble","status":"start","elapsedMs":148975,"stagePhase":"capturing","hasAudio":true,"workerCount":5,"forceScreenshot":false,"totalFrames":3000,"framesCompleted":3000,"captureMode":"screenshot","captureOperation":"encode"}
  ██████████████████████░░░  90%  Assembling final video
[INFO] [Render:trace] {"renderJobId":"75181cf2-c2c9-4d68-8337-daef41bbddfe","phase":"assemble","status":"end","elapsedMs":154665,"durationMs":5690,"stagePhase":"capturing","hasAudio":true,"workerCount":5,"forceScreenshot":false,"totalFrames":3000,"framesCompleted":3000,"captureMode":"screenshot","captureOperation":"encode"}
[INFO] [Render:trace] {"renderJobId":"75181cf2-c2c9-4d68-8337-daef41bbddfe","phase":"pipeline","status":"checkpoint","elapsedMs":154934,"message":"artifact validated","totalElapsedMs":154741}
  █████████████████████████  100%  Render complete

◇  D:\signal-zero\brag-output\brag_raw.mp4
   17.7 MB · 1m 40.0s video · rendered in 2m 35.6s
   screenshot capture · hardware gpu · compile 1.6s · extract 0.0s · audio 3.1s · probe 0.8s · setup 4.8s · capture 1m 47.8s · encode 31.7s · assemble 5.7s
